23
0
-47
23
-1081
-47
5
10
23
-1081
-47
12
-1081
-47
5
10
12
-1081
-47
3
3
