2
47
10
0
3
-99
20
2
0
20
3
0
20
1234
6
0
1
2
3
10
20
1234
