23
5
10
5
10
-100
99
-100
99
47
7
10
7
10
-98
99
-98
99
