4
a
s
d
f
8
a
'
"
"
'
\
\
b
2
q
1
8
0
"
\
\
'
'
"
1
